
> enem-pro@0.1.0 prebuild
> npm run prebuild:parallel


> enem-pro@0.1.0 prebuild:parallel
> concurrently --kill-others-on-fail "tsx scripts/generate-blog-index.ts" "npm run prebuild:batch2"

[1] 
[1] > enem-pro@0.1.0 prebuild:batch2
[1] > concurrently --kill-others-on-fail "node scripts/generate-sitemap-index.js" "node scripts/generate-faqs.js" "node scripts/semantic-clustering.js" "node scripts/evergreen-strategy.js" "node scripts/ga4-dashboard.js" "node scripts/monitor-cwv.js"
[1] 
[1] [2] ✅ Content strategy generated
[1] [3] ✅ Evergreen strategy analysis complete
[1] [1] ✅ FAQs generated for 5 posts
[1] [4] ✅ GA4 Dashboard config created
[1] [4] node scripts/ga4-dashboard.js exited with code 0
[1] [1] node scripts/generate-faqs.js exited with code 0
[1] [3] node scripts/evergreen-strategy.js exited with code 0
[1] [2] node scripts/semantic-clustering.js exited with code 0
[1] [5] ✅ Monitoring complete: /root/projetos/enem-pro/reports/monitoring-/2026-09-22.json
[1] [5] node scripts/monitor-cwv.js exited with code 0
[1] [0] ✅ Posts sitemap generated (0 posts)
[1] [0] ✅ Static sitemap generated
[1] [0] ✅ Sitemap index generated
[1] [0] node scripts/generate-sitemap-index.js exited with code 0
[1] npm run prebuild:batch2 exited with code 0
[0] [generate-blog-index] 411 static + 0 drafts = 411 posts indexed
[0] tsx scripts/generate-blog-index.ts exited with code 0

> enem-pro@0.1.0 build
> next build

  ▲ Next.js 14.2.0
  - Environments: .env.production.local, .env.local

   Creating an optimized production build ...
> [PWA] Compile server
> [PWA] Compile server
> [PWA] Compile client (static)
> [PWA] Auto register service worker with: /root/projetos/enem-pro/node_modules/next-pwa/register.js
> [PWA] Service worker: /root/projetos/enem-pro/public/sw.js
> [PWA]   url: /sw.js
> [PWA]   scope: /
> [PWA] Fallback to precache routes when fetch failed from cache or network:
> [PWA]   document (page): /offline.html
> [PWA]   image: /images/fallback.png
request to https://fonts.gstatic.com/s/spacegrotesk/v22/V8mDoQDjQSkFtoMM3T6r8E7mPb54C_k3HqUtEw.woff2 failed, reason: 

Retrying 1/3...
request to https://fonts.gstatic.com/s/spacegrotesk/v22/V8mDoQDjQSkFtoMM3T6r8E7mPb94C_k3HqUtEw.woff2 failed, reason: 

Retrying 1/3...
request to https://fonts.gstatic.com/s/spacegrotesk/v22/V8mDoQDjQSkFtoMM3T6r8E7mPbF4C_k3HqU.woff2 failed, reason: 

Retrying 1/3...
